// Jest Snapshot v1, https://goo.gl/fbAQLP

exports[`renders correctly 1`] = `
<div>
  <div
    className="wrapper"
    data-jsx={3382400623}
  >
    CONTENT
    <footer>
      <p>
        By the way - this website is also
         
        <a
          href="https://github.com/mrtnzlml/zlml.cz"
        >
          open-sourced
        </a>
        .
      </p>
    </footer>
  </div>
</div>
`;
