// Jest Snapshot v1, https://goo.gl/fbAQLP

exports[`renders correctly 1`] = `
<div>
  <div
    className="jsx-2213994124 wrapper"
  >
    WRAPPED
    <footer>
      <p
        style={
          Object {
            "fontSize": "2rem",
          }
        }
      >
        By the way - this website is also
         
        <a
          href="https://github.com/mrtnzlml/zlml.cz"
        >
          open-sourced
        </a>
        .
      </p>
    </footer>
  </div>
</div>
`;
