// Jest Snapshot v1, https://goo.gl/fbAQLP

exports[`renders correctly 1`] = `
<div>
  <div
    className="jsx-1307704868 wrapper"
  >
    <p
      style={
        Object {
          "fontSize": "2rem",
          "hyphens": "auto",
          "textAlign": "justify",
        }
      }
    >
      ¡Hola! My name is
    </p>
    <h1
      className="jsx-2345896288"
    >
      <span
        className="jsx-3140515621"
      >
        <a
          className="jsx-3140515621"
          href="/"
          onClick={[Function]}
        >
          Martin Zlámal
        </a>
      </span>
    </h1>
    <p
      style={
        Object {
          "fontSize": "2rem",
          "hyphens": "auto",
          "textAlign": "justify",
        }
      }
    >
      <span
        className="jsx-3140515621"
      >
        <a
          className="jsx-3140515621"
          href="/archive"
          onClick={[Function]}
        >
          ← back to the archive
        </a>
      </span>
    </p>
    <h1
      className="jsx-764030434"
    >
      Tabulkový masakr
    </h1>
    <div
      className="jsx-764030434 article"
      dangerouslySetInnerHTML={
        Object {
          "__html": "<p>Určitě znáte HTML a tím pádem znáte i tabulky. Pro jistotu připomenutí.
Tabulka se v HTML tvoří párovým tagem <code>&lt;table&gt;&lt;/table&gt;</code>, její řádky jsou <code>&lt;tr&gt;&lt;/tr&gt;</code> a buňky <code>&lt;td&gt;&lt;/td&gt;</code>. Buňky mají volitelné atributy <code>rowspan</code> a <code>colspan</code>. Tyto atributy určují, kolik bude buňka zabírat místa v řádce, resp. ve sloupci. Tyto znalosti stačí k pochopení pojmu &quot;tabulkový paradox&quot;.</p>
<p>Podívejte se na první ukázku:</p>
<table border=\\"1\\" cellpadding=\\"6\\" cellspacing=\\"2\\" width=\\"400\\">
    <tr>
        <td width=\\"33%\\">A1</td>
        <td width=\\"33%\\" rowspan=\\"4\\">A2</td>
        <td width=\\"33%\\">A3</td>
    </tr>
    <tr>
        <td colspan=\\"3\\">B1</td>
    </tr>
    <tr>
        <td>C1</td>
        <td>C3</td>
    </tr>
    <tr>
        <td>D1</td>
        <td>D3</td>
    </tr>
</table>

<p>Zde je vidět co se stane, když roztáhneme buňku <strong>A2</strong> na tři řádky a zároveň roztáhneme buňku <strong>B1</strong> na tři sloupce podle následujícího kódu:</p>
<pre><code class=\\"hljs lang-html\\"><span class=\\"hljs-tag\\">&lt;<span class=\\"hljs-name\\">table</span> <span class=\\"hljs-attr\\">border</span>=<span class=\\"hljs-string\\">\\"1\\"</span> <span class=\\"hljs-attr\\">cellpadding</span>=<span class=\\"hljs-string\\">\\"6\\"</span> <span class=\\"hljs-attr\\">cellspacing</span>=<span class=\\"hljs-string\\">\\"2\\"</span> <span class=\\"hljs-attr\\">width</span>=<span class=\\"hljs-string\\">\\"400\\"</span>&gt;</span>
    <span class=\\"hljs-tag\\">&lt;<span class=\\"hljs-name\\">tr</span>&gt;</span>
        <span class=\\"hljs-tag\\">&lt;<span class=\\"hljs-name\\">td</span> <span class=\\"hljs-attr\\">width</span>=<span class=\\"hljs-string\\">\\"33%\\"</span>&gt;</span>A1<span class=\\"hljs-tag\\">&lt;/<span class=\\"hljs-name\\">td</span>&gt;</span>
        <span class=\\"hljs-tag\\">&lt;<span class=\\"hljs-name\\">td</span> <span class=\\"hljs-attr\\">width</span>=<span class=\\"hljs-string\\">\\"33%\\"</span> <span class=\\"hljs-attr\\">rowspan</span>=<span class=\\"hljs-string\\">\\"4\\"</span>&gt;</span>A2<span class=\\"hljs-tag\\">&lt;/<span class=\\"hljs-name\\">td</span>&gt;</span>
        <span class=\\"hljs-tag\\">&lt;<span class=\\"hljs-name\\">td</span> <span class=\\"hljs-attr\\">width</span>=<span class=\\"hljs-string\\">\\"33%\\"</span>&gt;</span>A3<span class=\\"hljs-tag\\">&lt;/<span class=\\"hljs-name\\">td</span>&gt;</span>
    <span class=\\"hljs-tag\\">&lt;/<span class=\\"hljs-name\\">tr</span>&gt;</span>
    <span class=\\"hljs-tag\\">&lt;<span class=\\"hljs-name\\">tr</span>&gt;</span>
        <span class=\\"hljs-tag\\">&lt;<span class=\\"hljs-name\\">td</span> <span class=\\"hljs-attr\\">colspan</span>=<span class=\\"hljs-string\\">\\"3\\"</span>&gt;</span>B1<span class=\\"hljs-tag\\">&lt;/<span class=\\"hljs-name\\">td</span>&gt;</span>
    <span class=\\"hljs-tag\\">&lt;/<span class=\\"hljs-name\\">tr</span>&gt;</span>
    <span class=\\"hljs-tag\\">&lt;<span class=\\"hljs-name\\">tr</span>&gt;</span>
        <span class=\\"hljs-tag\\">&lt;<span class=\\"hljs-name\\">td</span>&gt;</span>C1<span class=\\"hljs-tag\\">&lt;/<span class=\\"hljs-name\\">td</span>&gt;</span>
        <span class=\\"hljs-tag\\">&lt;<span class=\\"hljs-name\\">td</span>&gt;</span>C3<span class=\\"hljs-tag\\">&lt;/<span class=\\"hljs-name\\">td</span>&gt;</span>
    <span class=\\"hljs-tag\\">&lt;/<span class=\\"hljs-name\\">tr</span>&gt;</span>
    <span class=\\"hljs-tag\\">&lt;<span class=\\"hljs-name\\">tr</span>&gt;</span>
        <span class=\\"hljs-tag\\">&lt;<span class=\\"hljs-name\\">td</span>&gt;</span>D1<span class=\\"hljs-tag\\">&lt;/<span class=\\"hljs-name\\">td</span>&gt;</span>
        <span class=\\"hljs-tag\\">&lt;<span class=\\"hljs-name\\">td</span>&gt;</span>D3<span class=\\"hljs-tag\\">&lt;/<span class=\\"hljs-name\\">td</span>&gt;</span>
    <span class=\\"hljs-tag\\">&lt;/<span class=\\"hljs-name\\">tr</span>&gt;</span>
<span class=\\"hljs-tag\\">&lt;/<span class=\\"hljs-name\\">table</span>&gt;</span>
</code></pre>
<p>Tam kde by měla být buňka <strong>B2</strong> vzniká krásné okénko do Narnie, které je společné jako pro druhý sloupec, tak pro druhý řádek.</p>
<p>Důsledkem neopatrného zacházení se spojováním sloupců může být výsledek viditelný ve druhé ukázce:</p>
<table border=\\"1\\" cellpadding=\\"6\\" cellspacing=\\"2\\" width=\\"400\\">
    <tr>
        <td width=\\"33%\\" colspan=\\"4\\">A1</td>
        <td width=\\"33%\\" rowspan=\\"4\\">A2</td>
        <td width=\\"33%\\" colspan=\\"4\\">A3</td>
        <td width=\\"33%\\" rowspan=\\"4\\">A4</td>
    </tr>
    <tr>
        <td width=\\"33%\\" colspan=\\"4\\">B1</td>
        <td width=\\"33%\\" rowspan=\\"4\\">B2</td>
        <td width=\\"33%\\" colspan=\\"4\\">B3</td>
        <td width=\\"33%\\" rowspan=\\"4\\">B4</td>
    </tr>
    <tr>
        <td width=\\"33%\\" colspan=\\"4\\">C1</td>
        <td width=\\"33%\\" rowspan=\\"4\\">C2</td>
        <td width=\\"33%\\" colspan=\\"4\\">C3</td>
        <td width=\\"33%\\" rowspan=\\"4\\">C4</td>
    </tr>
    <tr>
        <td width=\\"33%\\" colspan=\\"4\\">D1</td>
        <td width=\\"33%\\" rowspan=\\"4\\">D2</td>
        <td width=\\"33%\\" colspan=\\"4\\">D3</td>
        <td width=\\"33%\\" rowspan=\\"4\\">D4</td>
    </tr>
</table>

<p><br /></p>
<table border=\\"1\\" cellpadding=\\"6\\" cellspacing=\\"2\\" width=\\"400\\">
    <tr>
        <td width=\\"33%\\" rowspan=\\"4\\">A1</td>
        <td width=\\"33%\\" colspan=\\"4\\">A2</td>
        <td width=\\"33%\\" rowspan=\\"4\\">A3</td>
        <td width=\\"33%\\" colspan=\\"4\\">A4</td>
    </tr>
    <tr>
        <td width=\\"33%\\" rowspan=\\"4\\">B1</td>
        <td width=\\"33%\\" colspan=\\"4\\">B2</td>
        <td width=\\"33%\\" rowspan=\\"4\\">B3</td>
        <td width=\\"33%\\" colspan=\\"4\\">B4</td>
    </tr>
    <tr>
        <td width=\\"33%\\" rowspan=\\"4\\">C1</td>
        <td width=\\"33%\\" colspan=\\"4\\">C2</td>
        <td width=\\"33%\\" rowspan=\\"4\\">C3</td>
        <td width=\\"33%\\" colspan=\\"4\\">C4</td>
    </tr>
    <tr>
        <td width=\\"33%\\" rowspan=\\"4\\">D1</td>
        <td width=\\"33%\\" colspan=\\"4\\">D2</td>
        <td width=\\"33%\\" rowspan=\\"4\\">D3</td>
        <td width=\\"33%\\" colspan=\\"4\\">D4</td>
    </tr>
</table>

<p><br /></p>
<table border=\\"1\\" cellpadding=\\"6\\" cellspacing=\\"2\\" width=\\"400\\">
    <tr>
        <td width=\\"33%\\" colspan=\\"4\\">A1</td>
        <td width=\\"33%\\" rowspan=\\"4\\">A2</td>
        <td width=\\"33%\\" colspan=\\"4\\">A3</td>
        <td width=\\"33%\\" colspan=\\"4\\">A4</td>
    </tr>
    <tr>
        <td width=\\"33%\\" rowspan=\\"4\\">B1</td>
        <td width=\\"33%\\" colspan=\\"4\\">B2</td>
        <td width=\\"33%\\" rowspan=\\"4\\">B3</td>
        <td width=\\"33%\\" rowspan=\\"4\\">B4</td>
    </tr>
    <tr>
        <td width=\\"33%\\" colspan=\\"4\\">C1</td>
        <td width=\\"33%\\" rowspan=\\"4\\">C2</td>
        <td width=\\"33%\\" colspan=\\"4\\">C3</td>
        <td width=\\"33%\\" colspan=\\"4\\">C4</td>
    </tr>
    <tr>
        <td width=\\"33%\\" colspan=\\"4\\">D1</td>
        <td width=\\"33%\\" rowspan=\\"4\\">D2</td>
        <td width=\\"33%\\" colspan=\\"4\\">D3</td>
        <td width=\\"33%\\" colspan=\\"4\\">D4</td>
    </tr>
</table>

<p>Za domácí úkol se pokuste napsat alespoň jednu podobnou tabulku bez nahlédnutí do zdrojového kódu... :-)</p>
<p>A poslední perlička vyvracející tvrzení, že párový element <code>&lt;tr&gt;&lt;/tr&gt;</code> vytváří v tabulce novou řádku. Podívejte se na následující kód. Hádám, že už je vám jasné co se stane.</p>
<pre><code class=\\"hljs lang-html\\"><span class=\\"hljs-tag\\">&lt;<span class=\\"hljs-name\\">table</span> <span class=\\"hljs-attr\\">border</span>=<span class=\\"hljs-string\\">\\"1\\"</span> <span class=\\"hljs-attr\\">cellpadding</span>=<span class=\\"hljs-string\\">\\"6\\"</span> <span class=\\"hljs-attr\\">cellspacing</span>=<span class=\\"hljs-string\\">\\"2\\"</span> <span class=\\"hljs-attr\\">width</span>=<span class=\\"hljs-string\\">\\"400\\"</span>&gt;</span>
    <span class=\\"hljs-tag\\">&lt;<span class=\\"hljs-name\\">tr</span>&gt;</span><span class=\\"hljs-tag\\">&lt;<span class=\\"hljs-name\\">td</span> <span class=\\"hljs-attr\\">width</span>=<span class=\\"hljs-string\\">\\"33%\\"</span> <span class=\\"hljs-attr\\">rowspan</span>=<span class=\\"hljs-string\\">\\"4\\"</span>&gt;</span>Řádka_1<span class=\\"hljs-tag\\">&lt;/<span class=\\"hljs-name\\">td</span>&gt;</span><span class=\\"hljs-tag\\">&lt;/<span class=\\"hljs-name\\">tr</span>&gt;</span>
    <span class=\\"hljs-tag\\">&lt;<span class=\\"hljs-name\\">tr</span>&gt;</span><span class=\\"hljs-tag\\">&lt;<span class=\\"hljs-name\\">td</span> <span class=\\"hljs-attr\\">width</span>=<span class=\\"hljs-string\\">\\"33%\\"</span> <span class=\\"hljs-attr\\">rowspan</span>=<span class=\\"hljs-string\\">\\"3\\"</span>&gt;</span>Řádka_1<span class=\\"hljs-tag\\">&lt;/<span class=\\"hljs-name\\">td</span>&gt;</span><span class=\\"hljs-tag\\">&lt;/<span class=\\"hljs-name\\">tr</span>&gt;</span>
    <span class=\\"hljs-tag\\">&lt;<span class=\\"hljs-name\\">tr</span>&gt;</span><span class=\\"hljs-tag\\">&lt;<span class=\\"hljs-name\\">td</span> <span class=\\"hljs-attr\\">width</span>=<span class=\\"hljs-string\\">\\"33%\\"</span> <span class=\\"hljs-attr\\">rowspan</span>=<span class=\\"hljs-string\\">\\"2\\"</span>&gt;</span>Řádka_1<span class=\\"hljs-tag\\">&lt;/<span class=\\"hljs-name\\">td</span>&gt;</span><span class=\\"hljs-tag\\">&lt;/<span class=\\"hljs-name\\">tr</span>&gt;</span>
    <span class=\\"hljs-tag\\">&lt;<span class=\\"hljs-name\\">tr</span>&gt;</span><span class=\\"hljs-tag\\">&lt;<span class=\\"hljs-name\\">td</span> <span class=\\"hljs-attr\\">width</span>=<span class=\\"hljs-string\\">\\"33%\\"</span> <span class=\\"hljs-attr\\">rowspan</span>=<span class=\\"hljs-string\\">\\"1\\"</span>&gt;</span>Řádka_1<span class=\\"hljs-tag\\">&lt;/<span class=\\"hljs-name\\">td</span>&gt;</span><span class=\\"hljs-tag\\">&lt;/<span class=\\"hljs-name\\">tr</span>&gt;</span>
<span class=\\"hljs-tag\\">&lt;/<span class=\\"hljs-name\\">table</span>&gt;</span>
</code></pre>
<p>Výsledek je vidět ve třetí ukázce:</p>
<table border=\\"1\\" cellpadding=\\"6\\" cellspacing=\\"2\\" width=\\"400\\">
    <tr><td width=\\"33%\\" rowspan=\\"4\\">Řádka_1</td></tr>
    <tr><td width=\\"33%\\" rowspan=\\"3\\">Řádka_1</td></tr>
    <tr><td width=\\"33%\\" rowspan=\\"2\\">Řádka_1</td></tr>
    <tr><td width=\\"33%\\" rowspan=\\"1\\">Řádka_1</td></tr>
</table>

<p>Vyzkoušejte, že se tabulkový paradox vykresluje ve všech prohlížečích stejně. Mám to tedy chápat tak, že tolik oblíbený Chrome je stejný shit jako IE? Kdepak... Jedná se opravdu o paradox, který by sice měl (prapodivné) řešení((výsledek potlačující paradox, vyvolávající další spory)), ale pak by byl porušen význam některých atributů buňek tabulky.</p>
",
        }
      }
    />
    <p
      style={
        Object {
          "fontSize": "2rem",
          "hyphens": "auto",
          "textAlign": "justify",
        }
      }
    >
      <strong>
        Do you have any comments? That's great!
         
        <span
          className="jsx-3140515621"
        >
          <a
            className="jsx-3140515621 "
            href="https://twitter.com/home?status=https%3A%2F%2Fzlml.cz%2Ftabulkovy-masakr%20cc%20%40mrtnzlml"
          >
            Tweet them
          </a>
        </span>
         
        so everyone can hear you…
      </strong>
    </p>
    <p
      style={
        Object {
          "fontSize": "2rem",
          "hyphens": "auto",
          "textAlign": "justify",
        }
      }
    >
      <span
        className="jsx-3140515621"
      >
        <a
          className="jsx-3140515621"
          href="/archive"
          onClick={[Function]}
        >
          ← back to the archive
        </a>
      </span>
    </p>
  </div>
</div>
`;
