// Jest Snapshot v1, https://goo.gl/fbAQLP

exports[`renders correctly 1`] = `
<div>
  <div
    className="jsx-1307704868 wrapper"
  >
    <p
      style={
        Object {
          "fontSize": "2rem",
          "hyphens": "auto",
          "textAlign": "justify",
        }
      }
    >
      ¡Hola! My name is
    </p>
    <h1
      className="jsx-2345896288"
    >
      <span
        className="jsx-364771521"
      >
        <a
          className="jsx-364771521"
          href="/"
          onClick={[Function]}
        >
          Martin Zlámal
        </a>
      </span>
    </h1>
    <p
      style={
        Object {
          "fontSize": "2rem",
          "hyphens": "auto",
          "textAlign": "justify",
        }
      }
    >
      <span
        className="jsx-364771521"
      >
        <a
          className="jsx-364771521"
          href="/archive"
          onClick={[Function]}
        >
          ← back to the archive
        </a>
      </span>
    </p>
    <h1
      className="jsx-1056554702"
    >
      Výpočet mediánu
    </h1>
    <div
      className="jsx-1056554702 article"
      dangerouslySetInnerHTML={
        Object {
          "__html": "<h2 id=\\"zad-n-\\">Zadání <a href=\\"#zad-n-\\">#</a></h2><p>Najděte v dostupné literatuře nebo vymyslete co nejlepší algoritmus pro výpočet mediánu.
        Nezapomeňte na citaci zdrojů. Kritéria kvality v sestupném pořadí jsou: výpočetní složitost, 
        jednoduchost a implementační nenáročnost, paměťová spotřeba.</p>
        <h2 id=\\"definice\\">Definice <a href=\\"#definice\\">#</a></h2><p>Medián je hodnota, která dělí seřazenou posloupnost na dvě stejně velké (co se množství týče)
        části. Důležitou vlastností mediánu je skutečnost, že není ovlivněn žádnou extrémní hodnotou,
        jako je tomu například u průměru.</p>
        <h2 id=\\"anal-za-probl-mu\\">Analýza problému <a href=\\"#anal-za-probl-mu\\">#</a></h2><p>Existuje několik způsobů jak daný problém vyřešit. První řešení bude velmi přímočaré. Jedná se
        totiž o způsob, který zřejmě napadne každého jako první.</p>
        <h3 id=\\"p-mo-ar-e-en-\\">Přímočaré řešení <a href=\\"#p-mo-ar-e-en-\\">#</a></h3><p>Toto řešení vlastně ani není tak hledání mediánu jako hledání algoritmicky nejrychlejšího způsobu
        jako seřadit danou posloupnost čísel, protože pokud již máme seřazenou posloupnost, stačí zvolit
        prostřední prvek a získáme požadovaný medián. Tento poslední krok můžeme přirozeně vykonat
        se složitostí O(1). Seřadit posloupnost je možné lineárně logaritmickou složitostí O(NlogN) avšak
        s dodatečnou pamětí. Dodatečné paměti je samozřejmě možné se vyhnout, například použitím
        řadicího algoritmu Quicksort, vystavujeme se však nebezpečí kvadratické složitosti v nejhorším
        případě.</p>
        <p>Při zpětném pohledu je jasné, že nejvíce času strávíme řazením posloupnosti. Přitom řazení
        nebylo v zadání. Je to opravdu nutné? Následující algoritmy uvažují vstupní neseřazenou posloupnost
        stejně jako přímočaré řešení, ale nebudou vynakládat všechen svůj drahocený čas k
        řazení.</p>
        <h3 id=\\"algoritmus-find\\">Algoritmus FIND <a href=\\"#algoritmus-find\\">#</a></h3><p>Metoda FIND je mnohem promyšlenější. Využívá techniky &quot;rozděl a panuj&quot;, což je samo o sobě
        velmi silná zbraň. FIND se chová velmi podobně jako již zmíněný Quicksort (oba algoritmy vymyslel
        Tony Hoare) s tím, že hledá k-té nejmenší číslo, což je pouze zobecnění problému hledání
        mediánu.</p>
        <p>Při hledání postupujeme tak, že neseřazenou posloupnost projíždíme zleva, dokud nenalezneme
        prvek, který je větší (nebo roven) než námi zvolený pivot. Poté projíždíme posloupnost
        zprava, dokud nenarazíme na prvek, který je menší (nebo roven) pivotu. V tuto chvíli máme k
        dispozici dva prvky, a oba jsou na špatné straně, takže je prohodíme. V procesu zkoumání výměn
        pokračujeme tak dlouho, dokud se nestřetneme. Tím je zajištěno, že jsou menší prvky než pivot
        umístěny na levé straně a prvky větší než pivot zase na pravé.</p>
        <p>Tím však ještě není medián určen, protože pivot byl zvolen (například) náhodně. Můžou
        totiž nastat tři případy. V nejideálnější situaci je opravdu pivot mediánem a celý proces hledání
        můžeme úspěšně ukončit. Může se však stát, že pivot nebude uprostřed posloupnosti, tedy byl
        zvolen nešťastně a není mediánem. V tom případě musíme hledat (např. rekurzivně) medián v
        horní, popř. dolní části posloupnosti v závislosti na umístění aktuálního pivota. Jinak řečeno pokud
        byl pivot moc malý, upravíme spodní mez posloupnosti. Pokud byl pivot naopak velký,
        upravíme horní mez posloupnosti a cel ý postup opakujeme. Pokud je pivot &quot;tak akorát&quot;, pak je
        naším mediánem.</p>
        <p>Očekávaný čas metody FIND je 4n, je nutné však připomenout, že je celé hledání založeno na
        Quicksortu, takže může složitost klesnout do kvadratické třídy. Existuje však i lineární řešení viz
        následující odstavce.</p>
        <h3 id=\\"algoritmus-select\\">Algoritmus SELECT <a href=\\"#algoritmus-select\\">#</a></h3><p>SELECT je svým chováním velmi podobný metodě FIND, ale dokáže eliminovat problém se
        špatným zvolením pivota. Postupuje se následovně. Nejdříve rozdělíme neseřazenou posloupnost
        na pět částí s tím, že jedna nemusí být úplná. Následně najdeme medián každé skupiny. Z
        nalezených mediánů najdeme jeden celkový medián. Zde se však nesmíme ukvapit a použít tento
        medián jako výsledný. Zatím to totiž byl pouze poměrně spolehlivý odhad vhodného pivota pro
        dělení celé posloupnosti.</p>
        <p>Opět mohou nastat tři příklady tzn. pivot je rovnou mediánem, pivot je větší, nebo je pivot
        menší než medián. Při neshodě pivota s mediánem voláme SELECT rekurzivně do té doby,
        než dostaneme požadovaný prvek. Postup hledání se může zdát dost zamotaný a rekurze na
        přehlednosti nepřidává, nicméně tento algoritmus má složitost O(n).</p>
        <h2 id=\\"srovn-n-zm-n-n-ch-algoritm-\\">Srovnání zmíněných algoritmů <a href=\\"#srovn-n-zm-n-n-ch-algoritm-\\">#</a></h2><p>Hledání mediánu pomocí přímočaré metody vede k seřazení posloupnosti (což nebylo zadáno).
        Kromě toho získáme nejlepší složitost O(NlogN), což nemusí být úplně špatné vzhledem k nejhor
        ší složitosti Quicksortu O(n^2), ale spotřebujeme více paměti. Oproti tomu algoritmus FIND
        nezabere více paměti než je nutné, jeho složitost však může být také kvadratická. Jednoznačně
        nejlepší řešení se zdá být metoda vyhledávání SELECT, která nejenže nespotřebuje dodatečnou
        paměť, ale navíc si udržuje lineární složitost což je alespoň podle běžně dostupné literatury
        nejlepší možné řešení.</p>
        <h2 id=\\"z-v-r\\">Závěr <a href=\\"#z-v-r\\">#</a></h2><p>Nezáleží-li nám na složitosti, nebo paměťové náročnosti, zvolíme přímočarou metodu hledání
        mediánu, která je nejjednodužší na implementaci a pochopení. V opačném případě zvolíme algoritmus
        SELECT, který je sice složitý, ale má vynikající výsledky.</p>
        ",
        }
      }
    />
    <p
      style={
        Object {
          "fontSize": "2rem",
          "hyphens": "auto",
          "textAlign": "justify",
        }
      }
    >
      <strong>
        Do you have any comments? That's great!
         
        <span
          className="jsx-364771521"
        >
          <a
            className="jsx-364771521 "
            href="https://twitter.com/home?status=https%3A%2F%2Fzlml.cz%2Fvypocet-medianu%20cc%20%40mrtnzlml"
          >
            Tweet them
          </a>
        </span>
         
        so everyone can hear you…
      </strong>
    </p>
    <p
      style={
        Object {
          "fontSize": "2rem",
          "hyphens": "auto",
          "textAlign": "justify",
        }
      }
    >
      <span
        className="jsx-364771521"
      >
        <a
          className="jsx-364771521"
          href="/archive"
          onClick={[Function]}
        >
          ← back to the archive
        </a>
      </span>
    </p>
  </div>
</div>
`;
