// Jest Snapshot v1, https://goo.gl/fbAQLP

exports[`renders correctly 1`] = `
<div>
  <div
    className="jsx-1307704868 wrapper"
  >
    <p
      style={
        Object {
          "fontSize": "2rem",
          "hyphens": "auto",
          "textAlign": "justify",
        }
      }
    >
      ¡Hola! My name is
    </p>
    <h1
      className="jsx-2345896288"
    >
      <span
        className="jsx-3140515621"
      >
        <a
          className="jsx-3140515621"
          href="/"
          onClick={[Function]}
        >
          Martin Zlámal
        </a>
      </span>
    </h1>
    <p
      style={
        Object {
          "fontSize": "2rem",
          "hyphens": "auto",
          "textAlign": "justify",
        }
      }
    >
      <span
        className="jsx-3140515621"
      >
        <a
          className="jsx-3140515621"
          href="/archive"
          onClick={[Function]}
        >
          ← back to the archive
        </a>
      </span>
    </p>
    <h1
      className="jsx-1056554702"
    >
      Změna URL struktury
    </h1>
    <div
      className="jsx-1056554702 article"
      dangerouslySetInnerHTML={
        Object {
          "__html": "<p>Rád bych tímto upozornil na změny URL adres na tomto webu. A zároveň k technické povaze tohoto webu
        prozradím i bližší informace ze zákulisí.</p>
        <p>Před úpravou URL struktury jsem definoval několik důležitých bodů, kterých jsem se držel:</p>
        <ol>
        <li>Musí zůstat maximální (úplná) zpětná kompatibilita</li>
        <li>Výsledné URL musí být maximálně jednoduché a cool</li>
        </ol>
        <h2 id=\\"p-edt-m-a-potom\\">Předtím a potom <a href=\\"#p-edt-m-a-potom\\">#</a></h2><p>Důležité je, aby stará URL adresa nekončila chybou 404, ale aby přesměrovala na novou URL.
        RSS je nyní na adrese <a href=\\"http://zlml.cz/rss\\">http://zlml.cz/rss</a>. Původně bylo na adrese <a href=\\"http://zlml.cz/homepage/rss\\">http://zlml.cz/homepage/rss</a>.
        Obě dvě adresy fungují stále, rozdíl je v tom, že homepage/rss nyní přesměrovává pomocí 301 na */rss.
        Toho se dalo docílit velice jednoduše:</p>
        <pre><code class=\\"lang-php\\">$router[] = new Route(&#39;rss&#39;, &#39;Homepage:rss&#39;); //nová routa
        $router[] = new Route(&#39;&lt;presenter&gt;/&lt;action&gt;[/&lt;id&gt;]&#39;, &#39;Homepage:default&#39;); //původní
        //záleží na pořadí!
        </code></pre>
        <p>Ačkoliv je teď druhá routa zbytečná, nechal jsem jí pro případ, že bych měl nějakou URL nezachycenou.
        V tom případě ji zachytí tato obecná.</p>
        <h2 id=\\"zp-tn-kompatibilita\\">Zpětná kompatibilita <a href=\\"#zp-tn-kompatibilita\\">#</a></h2><p>Stejně tak jako změna adresy RSS, tak si i ostatní adresy musí zachovat stejné vlastnosti viz první bod.
        A vzhledem k tomu, že jsem se rozhodl změnit adresu vyhledávání a tagů, nezbývalo, než další
        dvě routy přidat. Opět záleží na pořadí:</p>
        <pre><code class=\\"lang-php\\">$router[] = new Route(&#39;s[/&lt;search&gt;]&#39;, &#39;Search:default&#39;); //nová
        $router[] = new Route(&#39;t[/&lt;search&gt;]&#39;, &#39;Tag:default&#39;); //nová
        
        //tyto routy (až uznám za vhodné) mohu smazat:
        $router[] = new Route(&#39;search[/&lt;search&gt;]&#39;, &#39;Search:default&#39;, Route::ONE_WAY); //původní
        $router[] = new Route(&#39;tag[/&lt;search&gt;]&#39;, &#39;Tag:default&#39;, Route::ONE_WAY); //původní
        </code></pre>
        <p>Opět platí, že funguje jak stará adresa <a href=\\"http://zlml.cz/search/nette\\">http://zlml.cz/search/nette</a> s přesměrováním 301, tak i nová 
        <a href=\\"http://zlml.cz/s/nette\\">http://zlml.cz/s/nette</a>. Obdobně je tomu u tagů.</p>
        <h2 id=\\"-arod-jnictv-\\">Čarodějnictví! <a href=\\"#-arod-jnictv-\\">#</a></h2><p>Největší sranda však začíná u druhého požadavku. Už dlouho jsem si pohrával s myšlenkou,
        že chci názvy článků a adresy jednotlivých stránek v menu hned za lomítkem jako v kořenovém
        adresáři. Tedy aby článek měl adresu <a href=\\"http://zlml.cz/lovec-matematik\\">http://zlml.cz/lovec-matematik</a> a stránka <a href=\\"http://zlml.cz/about\\">http://zlml.cz/about</a>.
        Zde jsem se však vždy dostával do velkého problému. Jak rozlišit a nabídnout z databáze článek a 
        jak poznat, kdy naopak nabídnout stránku například s referencemi?</p>
        <p>No, tak nejdříve je zapotřebí routa pro články:</p>
        <pre><code class=\\"lang-php\\">$router[] = new Route(&#39;&lt;slug&gt;&#39;, &#39;Single:article&#39;);
        </code></pre>
        <p>Kdy v presenteru tahám články z databáze podle slugu:</p>
        <pre><code class=\\"lang-php\\">public function renderArticle($slug) {
            $post = $this-&gt;posts-&gt;getBySlug($slug)-&gt;fetch(); //načetní článku podle slugu
            if (!$post) { //článek neexistuje (db vrací FALSE)
                $this-&gt;forward($slug); //nabídni statickou šablonu
            } else { // zobrazení článku
                //...
            }
        }
        </code></pre>
        <p>Což je podle mého dostatečně elegantní řešení. Jednoduše se pokusím o načtení stránky podle slugu
        z databáze a když se to nepodaří, nabídnu nějaký latte soubor, pokud existuje. Pokud neexistuje, 
        tak ErrorPresenter již obstará vrácení 404, což je správně, protože není co nabídnout...</p>
        <p>Ještě je zapotřebí vytvořit jednu routu:</p>
        <pre><code class=\\"lang-php\\">$router[] = new Route(&#39;&lt;action&gt;&#39;, &#39;Single:article&#39;);
        </code></pre>
        <p>Bez této routy by to také fungovalo, ale latte ony latte soubory (action) bych našel na dvou URL
        adresách, což nechci. Takže se z původního <a href=\\"http://zlml.cz/single/about\\">http://zlml.cz/single/about</a> dostanu na <a href=\\"http://zlml.cz/about\\">http://zlml.cz/about</a>, 
        což je cool a splňuji tak druhý požadavek.</p>
        <p>Poslední routa, která stojí za zmíňku pak zajišťuje stránkování. Pouze rozpoznává čísla podle
        regulárního výrazu a podle toho stránkuje:</p>
        <pre><code class=\\"lang-php\\">$regex = &#39;1|2|3&#39;; //zjednodušeně
        $router[] = new Route(&quot;[&lt;paginator-page [$regex]&gt;]&quot;, array(
            &#39;presenter&#39; =&gt; &#39;Homepage&#39;,
            &#39;action&#39; =&gt; &#39;default&#39;,
            &#39;paginator-page&#39; =&gt; 1
        ));
        </code></pre>
        <p>Ostatně to jak mám v době psaní tohoto článku router vytvořený můžete zjistit na <a href=\\"https://bitbucket.org/mrtnzlml/zlml.cz/src/0580e2e9f0e4edb162fe97ad563cfef766bea625/app/router/RouterFactory.php\\">bitbucketu</a>.</p>
        ",
        }
      }
    />
    <p
      style={
        Object {
          "fontSize": "2rem",
          "hyphens": "auto",
          "textAlign": "justify",
        }
      }
    >
      <strong>
        Do you have any comments? That's great!
         
        <span
          className="jsx-3140515621"
        >
          <a
            className="jsx-3140515621 "
            href="https://twitter.com/home?status=https%3A%2F%2Fzlml.cz%2Fzmena-url-struktury%20cc%20%40mrtnzlml"
          >
            Tweet them
          </a>
        </span>
         
        so everyone can hear you…
      </strong>
    </p>
    <p
      style={
        Object {
          "fontSize": "2rem",
          "hyphens": "auto",
          "textAlign": "justify",
        }
      }
    >
      <span
        className="jsx-3140515621"
      >
        <a
          className="jsx-3140515621"
          href="/archive"
          onClick={[Function]}
        >
          ← back to the archive
        </a>
      </span>
    </p>
  </div>
</div>
`;
